// Jest Snapshot v1, https://goo.gl/fbAQLP

exports[`Test Modal component should render modal component 1`] = `
<div
  className="modal fade"
  onClick={[Function]}
  role="dialog"
  style={
    Object {
      "display": "none",
    }
  }
  tabIndex="-1"
>
  <div
    className="modal-dialog"
    onClick={[Function]}
    role="document"
  >
    <div
      className="modal-content"
    >
      <div
        className="modal-header"
      >
        <h5
          className="modal-title"
        >
          Create card
        </h5>
        <button
          aria-label="Close"
          className="close"
          data-dismiss="modal"
          onClick={[Function]}
          type="button"
        >
          <span
            aria-hidden="true"
          >
            Ã—
          </span>
        </button>
      </div>
      <div
        className="modal-body"
      >
        <form>
          <div
            className="mb-3"
          >
            <label
              className="form-label"
              htmlFor="titleInput"
            >
              Title
            </label>
            <input
              className="form-control"
              id="titleInput"
              name="title"
              onChange={[Function]}
              required={true}
              value=""
            />
          </div>
          <div
            className="mb-3"
          >
            <label
              className="form-label"
              htmlFor="descriptionInput"
            >
              Description
            </label>
            <input
              className="form-control"
              id="descriptionInput"
              name="description"
              onChange={[Function]}
              required={true}
              value=""
            />
          </div>
          <label
            htmlFor="exampleFormControlSelect1"
          >
            Status
          </label>
          <select
            className="form-control"
            id="exampleFormControlSelect1"
            name="status"
            onChange={[Function]}
            value="to_do"
          >
            <option
              key="to_do"
              value="to_do"
            >
              to_do
            </option>
            <option
              key="in_progress"
              value="in_progress"
            >
              in_progress
            </option>
            <option
              key="testing"
              value="testing"
            >
              testing
            </option>
            <option
              key="done"
              value="done"
            >
              done
            </option>
          </select>
          <div
            className="modal-footer"
          >
            <button
              className="btn btn-primary"
              onClick={[Function]}
              type="submit"
            >
              Save changes
            </button>
            <button
              className="btn btn-secondary"
              data-dismiss="modal"
              onClick={[Function]}
              type="button"
            >
              Close
            </button>
            <ul
              className="errors-list"
            />
          </div>
        </form>
      </div>
    </div>
  </div>
</div>
`;
